// Jest Snapshot v1, https://goo.gl/fbAQLP

exports[`App Component render correctly 1`] = `
<div
  className="flex-column"
>
  <Connect(AddTopic) />
  <Connect(TopicList) />
</div>
`;
